Flags:

//#define DEBUG
//#define EXTRA_DEBUG
//#define DEBUG_CONNECTION_COUNT
//#define CONNECTION_THRESHOLD

#define ENABLE_SANITY_CHECK
#define ENABLE_BRUTEFORCE_COMPLEXITY_TEST
#define ENABLE_ANNEALING_SCHEDULE_TEST_3x3
#define ENABLE_ANNEALING_SCHEDULE_TEST_10x10
#define ENABLE_ANNEALING_COMPLEXITY_TEST

#define ENABLE_BRUTEFORCE_DISOPTIMUM
//#define ENABLE_BRUTEFORCE_DISOPTIMUM_PRINTOUT
#define ENABLE_BRUTEFORCE_OPTIMUM_COUNT
#define SANITY_CHECK_PRINTOUT_CHIPS
#define SANITY_CHECK_ENABLE_BRUTEFORCE
#define SANITY_CHECK_ENABLE_ANNEALING

Config:

#define SANITY_CHECK_CELL_FUNC_WIDTH						3
#define SANITY_CHECK_CELL_FUNC_HEIGHT						3
#define SANITY_CHECK_CELL_IO_RING_DEPTH						1
#define SANITY_CHECK_CONNECTIONS_NUM_PER_IO_CELL			1
#define SANITY_CHECK_CONNECTIONS_AVG_NUM_PER_FUNC_CELL		3.5

#define SANITY_CHECK_ANNEALING_START_TEMP					150.0
#define SANITY_CHECK_ANNEALING_SCHEDULE						-0.5
#define SANITY_CHECK_ANNEALING_TIMEOUT						10

#define COMPLEXITY_TEST_IO_RING_DEPTH						1
#define COMPLEXITY_TEST_MAX_SIZE_BRUTEFORCE					12
#define COMPLEXITY_TEST_MAX_SIZE_ANNEALING					100
#define COMPLEXITY_TEST_RETRIES								3
#define COMPLEXITY_TEST_CONNECTIONS_NUM_PER_IO_CELL			1
#define COMPLEXITY_TEST_CONNECTIONS_AVG_NUM_PER_FUNC_CELL	3.5
#define COMPLEXITY_TEST_START_TEMPERATURE					500.0
#define COMPLEXITY_TEST_SCHEDULE							-0.05
#define COMPLEXITY_TEST_TIMEOUT								10

#define SCHEDULE_TEST_IO_RING_DEPTH							1
#define SCHEDULE_TEST_START_TEMPERATURE						500.0
#define SCHEDULE_TEST_START_SCHEDULE						-50.0
#define SCHEDULE_TEST_STOP_SCHEDULE							-0.01
#define SCHEDULE_TEST_CONNECTIONS_NUM_PER_IO_CELL			1
#define SCHEDULE_TEST_CONNECTIONS_AVG_NUM_PER_FUNC_CELL		3.5
#define SCHEDULE_TEST_RETRIES								5
#define SCHEDULE_TEST_TIMEOUT								10

Output log:

Sanity check:
Randomized chip design:
00/F: 13R, 7F
01/F: 9R, 10R, 12R, 21R, 8F, 7F, 2F, 3F, 5F
02/F: 17R, 1F, 4F, 5F, 7F, 6F
03/F: 11R, 19R, 20R, 22R, 1F, 7F
04/F: 7F, 5F, 2F
05/F: 18R, 4F, 2F, 1F
06/F: 15R, 8F, 7F, 2F
07/F: 16R, 23R, 4F, 8F, 1F, 0F, 6F, 2F, 3F
08/F: 14R, 24R, 1F, 7F, 6F
09/R@(0,0): 1F
10/R@(1,0): 1F
11/R@(2,0): 3F
12/R@(3,0): 1F
13/R@(4,0): 0F
14/R@(0,1): 8F
15/R@(4,1): 6F
16/R@(0,2): 7F
17/R@(4,2): 2F
18/R@(0,3): 5F
19/R@(4,3): 3F
20/R@(0,4): 3F
21/R@(1,4): 1F
22/R@(2,4): 3F
23/R@(3,4): 7F
24/R@(4,4): 8F

Bruteforce sanity check:
Optimum count: 2
Disoptimum: 204
Finished in 0.209880 seconds.
Resultant optimization metric (bruteforce): 126
Chip design (bruteforce):
00/F@(2,1): 13R, 7F
01/F@(1,2): 9R, 10R, 12R, 21R, 8F, 7F, 2F, 3F, 5F
02/F@(3,2): 1F, 17R, 4F, 5F, 7F, 6F
03/F@(2,3): 1F, 11R, 19R, 20R, 22R, 7F
04/F@(3,3): 2F, 7F, 5F
05/F@(1,3): 1F, 2F, 4F, 18R
06/F@(3,1): 2F, 15R, 8F, 7F
07/F@(2,2): 0F, 1F, 2F, 3F, 4F, 6F, 16R, 23R, 8F
08/F@(1,1): 1F, 6F, 7F, 14R, 24R
09/R@(0,0): 1F
10/R@(1,0): 1F
11/R@(2,0): 3F
12/R@(3,0): 1F
13/R@(4,0): 0F
14/R@(0,1): 8F
15/R@(4,1): 6F
16/R@(0,2): 7F
17/R@(4,2): 2F
18/R@(0,3): 5F
19/R@(4,3): 3F
20/R@(0,4): 3F
21/R@(1,4): 1F
22/R@(2,4): 3F
23/R@(3,4): 7F
24/R@(4,4): 8F

Annealing sanity check:
Finished in 0.005165 seconds.
Resultant optimization metric (annealing): 126
Chip design (annealing):
00/F: 13R, 7F
01/F: 9R, 10R, 12R, 21R, 8F, 7F, 2F, 3F, 5F
02/F: 1F, 17R, 4F, 5F, 7F, 6F
03/F: 1F, 11R, 19R, 20R, 22R, 7F
04/F: 2F, 7F, 5F
05/F: 1F, 2F, 4F, 18R
06/F: 2F, 15R, 8F, 7F
07/F: 0F, 1F, 2F, 3F, 4F, 6F, 16R, 23R, 8F
08/F: 1F, 6F, 7F, 14R, 24R
09/R@(0,0): 1F
10/R@(1,0): 1F
11/R@(2,0): 3F
12/R@(3,0): 1F
13/R@(4,0): 0F
14/R@(0,1): 8F
15/R@(4,1): 6F
16/R@(0,2): 7F
17/R@(4,2): 2F
18/R@(0,3): 5F
19/R@(4,3): 3F
20/R@(0,4): 3F
21/R@(1,4): 1F
22/R@(2,4): 3F
23/R@(3,4): 7F
24/R@(4,4): 8F

Bruteforce complexity test:
Optimum count: 2
Disoptimum: 118
6(1): 0.000318
Optimum count: 1
Disoptimum: 126
6(2): 0.000309
Optimum count: 1
Disoptimum: 120
6(3): 0.000311
Optimum count: 4
Disoptimum: 206
9(1): 0.205914
Optimum count: 4
Disoptimum: 198
9(2): 0.204336
Optimum count: 1
Disoptimum: 210
9(3): 0.202012
Optimum count: 1
Disoptimum: 306
12(1): 340.094208
Optimum count: 6
Disoptimum: 308
12(2): 339.510925
Optimum count: 1
Disoptimum: 300
12(3): 342.383423
Annealing schedule choice test (3x3):
>TRY 1
-50.000000: 0.000152 sec -> 158
-25.000000: 0.000312 sec -> 150
-12.500000: 0.000591 sec -> 162
-6.250000: 0.001199 sec -> 136
-3.125000: 0.002391 sec -> 130
-1.562500: 0.004919 sec -> 136
-0.781250: 0.010176 sec -> 128
-0.390625: 0.019890 sec -> 126
-0.195312: 0.040777 sec -> 124
-0.097656: 0.081548 sec -> 124
-0.048828: 0.157038 sec -> 124
-0.024414: 0.314604 sec -> 124
-0.012207: 0.625421 sec -> 124
>TRY 2
-50.000000: 0.000157 sec -> 148
-25.000000: 0.000319 sec -> 148
-12.500000: 0.000650 sec -> 162
-6.250000: 0.001353 sec -> 146
-3.125000: 0.002534 sec -> 130
-1.562500: 0.005041 sec -> 134
-0.781250: 0.010419 sec -> 134
-0.390625: 0.020254 sec -> 128
-0.195312: 0.040812 sec -> 126
-0.097656: 0.080368 sec -> 126
-0.048828: 0.158449 sec -> 126
-0.024414: 0.317833 sec -> 126
-0.012207: 0.641969 sec -> 126
>TRY 3
-50.000000: 0.000166 sec -> 170
-25.000000: 0.000320 sec -> 160
-12.500000: 0.000668 sec -> 152
-6.250000: 0.001224 sec -> 150
-3.125000: 0.002545 sec -> 132
-1.562500: 0.005142 sec -> 118
-0.781250: 0.010137 sec -> 118
-0.390625: 0.020663 sec -> 118
-0.195312: 0.040853 sec -> 118
-0.097656: 0.081051 sec -> 118
-0.048828: 0.158818 sec -> 118
-0.024414: 0.311864 sec -> 118
-0.012207: 0.626451 sec -> 118
>TRY 4
-50.000000: 0.000169 sec -> 158
-25.000000: 0.000328 sec -> 150
-12.500000: 0.000647 sec -> 150
-6.250000: 0.001258 sec -> 140
-3.125000: 0.002428 sec -> 128
-1.562500: 0.005163 sec -> 128
-0.781250: 0.009819 sec -> 130
-0.390625: 0.019892 sec -> 128
-0.195312: 0.040964 sec -> 124
-0.097656: 0.080283 sec -> 124
-0.048828: 0.156954 sec -> 124
-0.024414: 0.314740 sec -> 124
-0.012207: 0.624775 sec -> 124
>TRY 5
-50.000000: 0.000161 sec -> 164
-25.000000: 0.000351 sec -> 162
-12.500000: 0.000637 sec -> 138
-6.250000: 0.001253 sec -> 140
-3.125000: 0.002390 sec -> 136
-1.562500: 0.005020 sec -> 134
-0.781250: 0.010252 sec -> 132
-0.390625: 0.020359 sec -> 132
-0.195312: 0.039977 sec -> 134
-0.097656: 0.078925 sec -> 132
-0.048828: 0.157007 sec -> 132
-0.024414: 0.307891 sec -> 132
-0.012207: 0.619494 sec -> 132
Annealing schedule choice test (10x10):
>TRY 1
-50.000000: 0.007554 sec -> 4302
-25.000000: 0.015601 sec -> 4010
-12.500000: 0.032189 sec -> 3580
-6.250000: 0.065299 sec -> 3290
-3.125000: 0.132765 sec -> 3134
-1.562500: 0.254204 sec -> 2968
-0.781250: 0.521178 sec -> 2806
-0.390625: 1.049449 sec -> 2700
-0.195312: 2.128220 sec -> 2664
-0.097656: 4.138972 sec -> 2668
-0.048828: 8.432026 sec -> 2634
-0.024414: 16.863520 sec -> 2612
-0.012207: 34.226040 sec -> 2602
>TRY 2
-50.000000: 0.007580 sec -> 4316
-25.000000: 0.014987 sec -> 4042
-12.500000: 0.031104 sec -> 3654
-6.250000: 0.063111 sec -> 3502
-3.125000: 0.125707 sec -> 3272
-1.562500: 0.256240 sec -> 3078
-0.781250: 0.522000 sec -> 2906
-0.390625: 1.022309 sec -> 2800
-0.195312: 2.081019 sec -> 2750
-0.097656: 4.152951 sec -> 2720
-0.048828: 8.450192 sec -> 2684
-0.024414: 16.525463 sec -> 2672
-0.012207: 33.452190 sec -> 2706
>TRY 3
-50.000000: 0.007202 sec -> 4142
-25.000000: 0.015252 sec -> 4032
-12.500000: 0.032254 sec -> 3656
-6.250000: 0.062925 sec -> 3378
-3.125000: 0.128927 sec -> 3080
-1.562500: 0.252744 sec -> 2986
-0.781250: 0.519794 sec -> 2858
-0.390625: 1.028829 sec -> 2786
-0.195312: 2.101788 sec -> 2746
-0.097656: 4.092157 sec -> 2652
-0.048828: 8.362522 sec -> 2668
-0.024414: 16.651114 sec -> 2668
-0.012207: 33.674488 sec -> 2632
>TRY 4
-50.000000: 0.007304 sec -> 4336
-25.000000: 0.015375 sec -> 3836
-12.500000: 0.031264 sec -> 3646
-6.250000: 0.065202 sec -> 3348
-3.125000: 0.126927 sec -> 3130
-1.562500: 0.259224 sec -> 3006
-0.781250: 0.510686 sec -> 2792
-0.390625: 1.050926 sec -> 2832
-0.195312: 2.071494 sec -> 2712
-0.097656: 4.166494 sec -> 2644
-0.048828: 8.260490 sec -> 2636
-0.024414: 16.963068 sec -> 2616
-0.012207: 33.368324 sec -> 2602
>TRY 5
-50.000000: 0.007243 sec -> 4408
-25.000000: 0.014959 sec -> 3786
-12.500000: 0.031999 sec -> 3590
-6.250000: 0.065436 sec -> 3394
-3.125000: 0.129454 sec -> 3132
-1.562500: 0.258466 sec -> 3024
-0.781250: 0.507066 sec -> 2852
-0.390625: 1.048231 sec -> 2798
-0.195312: 2.068007 sec -> 2722
-0.097656: 4.212060 sec -> 2732
-0.048828: 8.226532 sec -> 2658
-0.024414: 16.764208 sec -> 2636
-0.012207: 33.374107 sec -> 2640
Annealing complexity test:
6(1): 0.093010
6(2): 0.093265
6(3): 0.093560
9(1): 0.154199
9(2): 0.154698
9(3): 0.155423
12(1): 0.228520
12(2): 0.230185
12(3): 0.228671
16(1): 0.339935
16(2): 0.341407
16(3): 0.342323
20(1): 0.476225
20(2): 0.473534
20(3): 0.470949
25(1): 0.671196
25(2): 0.669646
25(3): 0.670354
30(1): 0.910259
30(2): 0.916805
30(3): 0.901305
36(1): 1.244634
36(2): 1.249132
36(3): 1.240029
42(1): 1.620400
42(2): 1.646428
42(3): 1.668050
49(1): 2.186223
49(2): 2.205772
49(3): 2.181787
56(1): 2.844441
56(2): 2.825052
56(3): 2.839444
64(1): 3.635173
64(2): 3.654384
64(3): 3.635987
72(1): 4.592806
72(2): 4.514237
72(3): 4.633243
81(1): 5.741165
81(2): 5.774932
81(3): 5.747088
90(1): 7.088471
90(2): 7.056455
90(3): 7.108366
100(1): 8.747739
100(2): 8.748973
100(3): 8.736324
